#-----------------------------------------------------------
# Vivado v2023.2 (64-bit)
# SW Build 4029153 on Fri Oct 13 20:14:34 MDT 2023
# IP Build 4028589 on Sat Oct 14 00:45:43 MDT 2023
# SharedData Build 4025554 on Tue Oct 10 17:18:54 MDT 2023
# Start of session at: Sat Aug 29 00:54:59 2026
# Process ID: 7132
# Current directory: C:/Users/Hamzaa/Desktop/PROJECT/RISC_V_SINGLE_CYCLE/RISCV_Single_Cycle_Core
# Command line: vivado.exe -gui_launcher_event rodinguilauncherevent2028 C:\Users\Hamzaa\Desktop\PROJECT\RISC_V_SINGLE_CYCLE\RISCV_Single_Cycle_Core\RISCV_Single_Cycle_Core.xpr
# Log file: C:/Users/Hamzaa/Desktop/PROJECT/RISC_V_SINGLE_CYCLE/RISCV_Single_Cycle_Core/vivado.log
# Journal file: C:/Users/Hamzaa/Desktop/PROJECT/RISC_V_SINGLE_CYCLE/RISCV_Single_Cycle_Core\vivado.jou
# Running On: Muhammad, OS: Windows, CPU Frequency: 1382 MHz, CPU Physical cores: 4, Host memory: 8316 MB
#-----------------------------------------------------------
start_gui
open_project C:/Users/Hamzaa/Desktop/PROJECT/RISC_V_SINGLE_CYCLE/RISCV_Single_Cycle_Core/RISCV_Single_Cycle_Core.xpr
WARNING: [Board 49-26] cannot add Board Part xilinx.com:kc705:part0:1.6 available at D:/Xilinx/Vivado/2023.2/data/xhub/boards/XilinxBoardStore/boards/Xilinx/kc705/1.6/board.xml as part xc7k325tffg900-2 specified in board_part file is either invalid or not available
WARNING: [Board 49-26] cannot add Board Part xilinx.com:kcu105:part0:1.6 available at D:/Xilinx/Vivado/2023.2/data/xhub/boards/XilinxBoardStore/boards/Xilinx/kcu105/1.6/board.xml as part xcku040-ffva1156-2-e specified in board_part file is either invalid or not available
WARNING: [Board 49-26] cannot add Board Part xilinx.com:kcu105:part0:1.7 available at D:/Xilinx/Vivado/2023.2/data/xhub/boards/XilinxBoardStore/boards/Xilinx/kcu105/1.7/board.xml as part xcku040-ffva1156-2-e specified in board_part file is either invalid or not available
WARNING: [Board 49-26] cannot add Board Part xilinx.com:kcu1500:part0:1.2 available at D:/Xilinx/Vivado/2023.2/data/xhub/boards/XilinxBoardStore/boards/Xilinx/kcu1500/1.2/board.xml as part xcku115-flvb2104-2-e specified in board_part file is either invalid or not available
WARNING: [Board 49-26] cannot add Board Part xilinx.com:vc707:part0:1.4 available at D:/Xilinx/Vivado/2023.2/data/xhub/boards/XilinxBoardStore/boards/Xilinx/vc707/1.4/board.xml as part xc7vx485tffg1761-2 specified in board_part file is either invalid or not available
WARNING: [Board 49-26] cannot add Board Part xilinx.com:vc709:part0:1.8 available at D:/Xilinx/Vivado/2023.2/data/xhub/boards/XilinxBoardStore/boards/Xilinx/vc709/1.8/board.xml as part xc7vx690tffg1761-2 specified in board_part file is either invalid or not available
WARNING: [Board 49-26] cannot add Board Part xilinx.com:vck190:part0:2.2 available at D:/Xilinx/Vivado/2023.2/data/xhub/boards/XilinxBoardStore/boards/Xilinx/vck190/production/2.2/board.xml as part xcvc1902-vsva2197-2mp-e-s specified in board_part file is either invalid or not available
WARNING: [Board 49-26] cannot add Board Part xilinx.com:vck190:part0:3.0 available at D:/Xilinx/Vivado/2023.2/data/xhub/boards/XilinxBoardStore/boards/Xilinx/vck190/production/3.0/board.xml as part xcvc1902-vsva2197-2mp-e-s specified in board_part file is either invalid or not available
WARNING: [Board 49-26] cannot add Board Part xilinx.com:vck190:part0:3.1 available at D:/Xilinx/Vivado/2023.2/data/xhub/boards/XilinxBoardStore/boards/Xilinx/vck190/production/3.1/board.xml as part xcvc1902-vsva2197-2mp-e-s specified in board_part file is either invalid or not available
WARNING: [Board 49-26] cannot add Board Part xilinx.com:vck190:part0:3.2 available at D:/Xilinx/Vivado/2023.2/data/xhub/boards/XilinxBoardStore/boards/Xilinx/vck190/production/3.2/board.xml as part xcvc1902-vsva2197-2mp-e-s specified in board_part file is either invalid or not available
WARNING: [Board 49-26] cannot add Board Part xilinx.com:vck190_newl:part0:1.0 available at D:/Xilinx/Vivado/2023.2/data/xhub/boards/XilinxBoardStore/boards/Xilinx/vck190_newl/production/1.0/board.xml as part xcvc1902-vsva2197-2mp-e-s specified in board_part file is either invalid or not available
WARNING: [Board 49-26] cannot add Board Part xilinx.com:vck190_newl:part0:1.1 available at D:/Xilinx/Vivado/2023.2/data/xhub/boards/XilinxBoardStore/boards/Xilinx/vck190_newl/production/1.1/board.xml as part xcvc1902-vsva2197-2mp-e-s specified in board_part file is either invalid or not available
WARNING: [Board 49-26] cannot add Board Part xilinx.com:vcu108:part0:1.6 available at D:/Xilinx/Vivado/2023.2/data/xhub/boards/XilinxBoardStore/boards/Xilinx/vcu108/1.6/board.xml as part xcvu095-ffva2104-2-e specified in board_part file is either invalid or not available
WARNING: [Board 49-26] cannot add Board Part xilinx.com:vcu108:part0:1.7 available at D:/Xilinx/Vivado/2023.2/data/xhub/boards/XilinxBoardStore/boards/Xilinx/vcu108/1.7/board.xml as part xcvu095-ffva2104-2-e specified in board_part file is either invalid or not available
WARNING: [Board 49-26] cannot add Board Part xilinx.com:vcu110:part0:1.4 available at D:/Xilinx/Vivado/2023.2/data/xhub/boards/XilinxBoardStore/boards/Xilinx/vcu110/1.4/board.xml as part xcvu190-flgc2104-2-e specified in board_part file is either invalid or not available
WARNING: [Board 49-26] cannot add Board Part xilinx.com:vcu118:part0:2.0 available at D:/Xilinx/Vivado/2023.2/data/xhub/boards/XilinxBoardStore/boards/Xilinx/vcu118/2.0/board.xml as part xcvu9p-flga2104-2l-e specified in board_part file is either invalid or not available
WARNING: [Board 49-26] cannot add Board Part xilinx.com:vcu118:part0:2.3 available at D:/Xilinx/Vivado/2023.2/data/xhub/boards/XilinxBoardStore/boards/Xilinx/vcu118/2.3/board.xml as part xcvu9p-flga2104-2l-e specified in board_part file is either invalid or not available
WARNING: [Board 49-26] cannot add Board Part xilinx.com:vcu118:part0:2.4 available at D:/Xilinx/Vivado/2023.2/data/xhub/boards/XilinxBoardStore/boards/Xilinx/vcu118/2.4/board.xml as part xcvu9p-flga2104-2l-e specified in board_part file is either invalid or not available
WARNING: [Board 49-26] cannot add Board Part xilinx.com:vcu129:part0:1.0 available at D:/Xilinx/Vivado/2023.2/data/xhub/boards/XilinxBoardStore/boards/Xilinx/vcu129/production/1.0/board.xml as part xcvu29p-fsga2577-2l-e specified in board_part file is either invalid or not available
WARNING: [Board 49-26] cannot add Board Part xilinx.com:vcu1525:part0:1.3 available at D:/Xilinx/Vivado/2023.2/data/xhub/boards/XilinxBoardStore/boards/Xilinx/vcu1525/1.3/board.xml as part xcvu9p-fsgd2104-2l-e specified in board_part file is either invalid or not available
WARNING: [Board 49-26] cannot add Board Part xilinx.com:vek280:part0:1.0 available at D:/Xilinx/Vivado/2023.2/data/xhub/boards/XilinxBoardStore/boards/Xilinx/vek280/production/1.0/board.xml as part xcve2802-vsvh1760-2mp-e-s specified in board_part file is either invalid or not available
WARNING: [Board 49-26] cannot add Board Part xilinx.com:vek280_es:part0:1.0 available at D:/Xilinx/Vivado/2023.2/data/xhub/boards/XilinxBoardStore/boards/Xilinx/vek280/es/rev_a/1.0/board.xml as part xcve2802-vsvh1760-2lp-e-s-es1 specified in board_part file is either invalid or not available
WARNING: [Board 49-26] cannot add Board Part xilinx.com:vek280_es:part0:1.1 available at D:/Xilinx/Vivado/2023.2/data/xhub/boards/XilinxBoardStore/boards/Xilinx/vek280/es/rev_a/1.1/board.xml as part xcve2802-vsvh1760-2lp-e-s-es1 specified in board_part file is either invalid or not available
WARNING: [Board 49-26] cannot add Board Part xilinx.com:vek280_es_revb:part0:1.0 available at D:/Xilinx/Vivado/2023.2/data/xhub/boards/XilinxBoardStore/boards/Xilinx/vek280/es/rev_b/1.0/board.xml as part xcve2802-vsvh1760-2mp-e-s-es1 specified in board_part file is either invalid or not available
WARNING: [Board 49-26] cannot add Board Part xilinx.com:vek280_es_revb:part0:1.1 available at D:/Xilinx/Vivado/2023.2/data/xhub/boards/XilinxBoardStore/boards/Xilinx/vek280/es/rev_b/1.1/board.xml as part xcve2802-vsvh1760-2mp-e-s-es1 specified in board_part file is either invalid or not available
WARNING: [Board 49-26] cannot add Board Part xilinx.com:vermeo_t1_mpsoc:part0:1.0 available at D:/Xilinx/Vivado/2023.2/data/xhub/boards/XilinxBoardStore/boards/Xilinx/vermeo_t1_mpsoc/1.0/board.xml as part xczu19eg-ffvd1760-2l-e specified in board_part file is either invalid or not available
WARNING: [Board 49-26] cannot add Board Part xilinx.com:vermeo_t1_rfsoc:part0:1.0 available at D:/Xilinx/Vivado/2023.2/data/xhub/boards/XilinxBoardStore/boards/Xilinx/vermeo_t1_rfsoc/1.0/board.xml as part xczu21dr-ffvd1156-2l-e specified in board_part file is either invalid or not available
WARNING: [Board 49-26] cannot add Board Part xilinx.com:vhk158:part0:1.0 available at D:/Xilinx/Vivado/2023.2/data/xhub/boards/XilinxBoardStore/boards/Xilinx/vhk158/production/1.0/board.xml as part xcvh1582-vsva3697-2mp-e-s specified in board_part file is either invalid or not available
WARNING: [Board 49-26] cannot add Board Part xilinx.com:vhk158:part0:1.1 available at D:/Xilinx/Vivado/2023.2/data/xhub/boards/XilinxBoardStore/boards/Xilinx/vhk158/production/1.1/board.xml as part xcvh1582-vsva3697-2mp-e-s specified in board_part file is either invalid or not available
WARNING: [Board 49-26] cannot add Board Part xilinx.com:vhk158_es:part0:1.0 available at D:/Xilinx/Vivado/2023.2/data/xhub/boards/XilinxBoardStore/boards/Xilinx/vhk158/es/1.0/board.xml as part xcvh1582-vsva3697-2mp-e-s-es1 specified in board_part file is either invalid or not available
WARNING: [Board 49-26] cannot add Board Part xilinx.com:vhk158_es:part0:1.1 available at D:/Xilinx/Vivado/2023.2/data/xhub/boards/XilinxBoardStore/boards/Xilinx/vhk158/es/1.1/board.xml as part xcvh1582-vsva3697-2mp-e-s-es1 specified in board_part file is either invalid or not available
WARNING: [Board 49-26] cannot add Board Part xilinx.com:vmk180:part0:2.2 available at D:/Xilinx/Vivado/2023.2/data/xhub/boards/XilinxBoardStore/boards/Xilinx/vmk180/production/2.2/board.xml as part xcvm1802-vsva2197-2mp-e-s specified in board_part file is either invalid or not available
WARNING: [Board 49-26] cannot add Board Part xilinx.com:vmk180:part0:3.0 available at D:/Xilinx/Vivado/2023.2/data/xhub/boards/XilinxBoardStore/boards/Xilinx/vmk180/production/3.0/board.xml as part xcvm1802-vsva2197-2mp-e-s specified in board_part file is either invalid or not available
WARNING: [Board 49-26] cannot add Board Part xilinx.com:vmk180:part0:3.1 available at D:/Xilinx/Vivado/2023.2/data/xhub/boards/XilinxBoardStore/boards/Xilinx/vmk180/production/3.1/board.xml as part xcvm1802-vsva2197-2mp-e-s specified in board_part file is either invalid or not available
WARNING: [Board 49-26] cannot add Board Part xilinx.com:vmk180:part0:3.2 available at D:/Xilinx/Vivado/2023.2/data/xhub/boards/XilinxBoardStore/boards/Xilinx/vmk180/production/3.2/board.xml as part xcvm1802-vsva2197-2mp-e-s specified in board_part file is either invalid or not available
WARNING: [Board 49-26] cannot add Board Part xilinx.com:vmk180_newl:part0:1.0 available at D:/Xilinx/Vivado/2023.2/data/xhub/boards/XilinxBoardStore/boards/Xilinx/vmk180_newl/production/1.0/board.xml as part xcvm1802-vsva2197-2mp-e-s specified in board_part file is either invalid or not available
WARNING: [Board 49-26] cannot add Board Part xilinx.com:vmk180_newl:part0:1.1 available at D:/Xilinx/Vivado/2023.2/data/xhub/boards/XilinxBoardStore/boards/Xilinx/vmk180_newl/production/1.1/board.xml as part xcvm1802-vsva2197-2mp-e-s specified in board_part file is either invalid or not available
WARNING: [Board 49-26] cannot add Board Part xilinx.com:vpk120:part0:1.0 available at D:/Xilinx/Vivado/2023.2/data/xhub/boards/XilinxBoardStore/boards/Xilinx/vpk120/production/1.0/board.xml as part xcvp1202-vsva2785-2mp-e-s specified in board_part file is either invalid or not available
WARNING: [Board 49-26] cannot add Board Part xilinx.com:vpk120:part0:1.1 available at D:/Xilinx/Vivado/2023.2/data/xhub/boards/XilinxBoardStore/boards/Xilinx/vpk120/production/1.1/board.xml as part xcvp1202-vsva2785-2mp-e-s specified in board_part file is either invalid or not available
WARNING: [Board 49-26] cannot add Board Part xilinx.com:vpk120:part0:1.2 available at D:/Xilinx/Vivado/2023.2/data/xhub/boards/XilinxBoardStore/boards/Xilinx/vpk120/production/1.2/board.xml as part xcvp1202-vsva2785-2mp-e-s specified in board_part file is either invalid or not available
WARNING: [Board 49-26] cannot add Board Part xilinx.com:vpk180:part0:1.0 available at D:/Xilinx/Vivado/2023.2/data/xhub/boards/XilinxBoardStore/boards/Xilinx/vpk180/production/1.0/board.xml as part xcvp1802-lsvc4072-2mp-e-s specified in board_part file is either invalid or not available
WARNING: [Board 49-26] cannot add Board Part xilinx.com:vpk180:part0:1.1 available at D:/Xilinx/Vivado/2023.2/data/xhub/boards/XilinxBoardStore/boards/Xilinx/vpk180/production/1.1/board.xml as part xcvp1802-lsvc4072-2mp-e-s specified in board_part file is either invalid or not available
WARNING: [Board 49-26] cannot add Board Part xilinx.com:zc706:part0:1.4 available at D:/Xilinx/Vivado/2023.2/data/xhub/boards/XilinxBoardStore/boards/Xilinx/zc706/1.4/board.xml as part xc7z045ffg900-2 specified in board_part file is either invalid or not available
WARNING: [Board 49-26] cannot add Board Part xilinx.com:zcu102:part0:3.3 available at D:/Xilinx/Vivado/2023.2/data/xhub/boards/XilinxBoardStore/boards/Xilinx/zcu102/3.3/board.xml as part xczu9eg-ffvb1156-2-e specified in board_part file is either invalid or not available
WARNING: [Board 49-26] cannot add Board Part xilinx.com:zcu102:part0:3.4 available at D:/Xilinx/Vivado/2023.2/data/xhub/boards/XilinxBoardStore/boards/Xilinx/zcu102/3.4/board.xml as part xczu9eg-ffvb1156-2-e specified in board_part file is either invalid or not available
WARNING: [Board 49-26] cannot add Board Part xilinx.com:zcu111:part0:1.2 available at D:/Xilinx/Vivado/2023.2/data/xhub/boards/XilinxBoardStore/boards/Xilinx/zcu111/1.2/board.xml as part xczu28dr-ffvg1517-2-e specified in board_part file is either invalid or not available
WARNING: [Board 49-26] cannot add Board Part xilinx.com:zcu111:part0:1.3 available at D:/Xilinx/Vivado/2023.2/data/xhub/boards/XilinxBoardStore/boards/Xilinx/zcu111/1.3/board.xml as part xczu28dr-ffvg1517-2-e specified in board_part file is either invalid or not available
WARNING: [Board 49-26] cannot add Board Part xilinx.com:zcu111:part0:1.4 available at D:/Xilinx/Vivado/2023.2/data/xhub/boards/XilinxBoardStore/boards/Xilinx/zcu111/1.4/board.xml as part xczu28dr-ffvg1517-2-e specified in board_part file is either invalid or not available
WARNING: [Board 49-26] cannot add Board Part xilinx.com:zcu1275:part0:1.0 available at D:/Xilinx/Vivado/2023.2/data/xhub/boards/XilinxBoardStore/boards/Xilinx/zcu1275/1.0/board.xml as part xczu29dr-ffvf1760-2-e specified in board_part file is either invalid or not available
WARNING: [Board 49-26] cannot add Board Part xilinx.com:zcu1285:part0:1.0 available at D:/Xilinx/Vivado/2023.2/data/xhub/boards/XilinxBoardStore/boards/Xilinx/zcu1285/1.0/board.xml as part xczu39dr-ffvf1760-2-i specified in board_part file is either invalid or not available
WARNING: [Board 49-26] cannot add Board Part xilinx.com:zcu208:part0:2.0 available at D:/Xilinx/Vivado/2023.2/data/xhub/boards/XilinxBoardStore/boards/Xilinx/zcu208/production/2.0/board.xml as part xczu48dr-fsvg1517-2-e specified in board_part file is either invalid or not available
WARNING: [Board 49-26] cannot add Board Part xilinx.com:zcu208ld:part0:2.0 available at D:/Xilinx/Vivado/2023.2/data/xhub/boards/XilinxBoardStore/boards/Xilinx/zcu208ld/production/2.0/board.xml as part xczu58dr-fsvg1517-2-i specified in board_part file is either invalid or not available
WARNING: [Board 49-26] cannot add Board Part xilinx.com:zcu216:part0:2.0 available at D:/Xilinx/Vivado/2023.2/data/xhub/boards/XilinxBoardStore/boards/Xilinx/zcu216/production/2.0/board.xml as part xczu49dr-ffvf1760-2-e specified in board_part file is either invalid or not available
WARNING: [Board 49-26] cannot add Board Part xilinx.com:zcu216ld:part0:2.0 available at D:/Xilinx/Vivado/2023.2/data/xhub/boards/XilinxBoardStore/boards/Xilinx/zcu216ld/production/2.0/board.xml as part xczu59dr-ffvf1760-2-i specified in board_part file is either invalid or not available
WARNING: [Board 49-26] cannot add Board Part xilinx.com:zcu670:part0:2.0 available at D:/Xilinx/Vivado/2023.2/data/xhub/boards/XilinxBoardStore/boards/Xilinx/zcu670/2.0/board.xml as part xczu67dr-fsve1156-2-i specified in board_part file is either invalid or not available
WARNING: [Board 49-26] cannot add Board Part xilinx.com:zcu670ld:part0:1.0 available at D:/Xilinx/Vivado/2023.2/data/xhub/boards/XilinxBoardStore/boards/Xilinx/zcu670ld/1.0/board.xml as part xczu57dr-fsve1156-2-i specified in board_part file is either invalid or not available
INFO: [filemgmt 56-3] Default IP Output Path : Could not find the directory 'C:/Users/Hamzaa/Desktop/PROJECT/RISC_V_SINGLE_CYCLE/RISCV_Single_Cycle_Core/RISCV_Single_Cycle_Core.gen/sources_1'.
Scanning sources...
Finished scanning sources
INFO: [IP_Flow 19-234] Refreshing IP repositories
INFO: [IP_Flow 19-1704] No user IP repositories specified
INFO: [IP_Flow 19-2313] Loaded Vivado IP repository 'D:/Xilinx/Vivado/2023.2/data/ip'.
open_project: Time (s): cpu = 00:00:24 ; elapsed = 00:00:12 . Memory (MB): peak = 1440.055 ; gain = 202.758
update_compile_order -fileset sources_1
launch_simulation
Command: launch_simulation 
INFO: [Vivado 12-12493] Simulation top is 'Single_Cycle_TB'
WARNING: [Vivado 12-13340] Unable to auto find GCC executables from simulator install path! (path not set)
INFO: [Vivado 12-5682] Launching behavioral simulation in 'C:/Users/Hamzaa/Desktop/PROJECT/RISC_V_SINGLE_CYCLE/RISCV_Single_Cycle_Core/RISCV_Single_Cycle_Core.sim/sim_1/behav/xsim'
INFO: [SIM-utils-51] Simulation object is 'sim_1'
INFO: [SIM-utils-72] Using boost library from 'D:/Xilinx/Vivado/2023.2/tps/boost_1_72_0'
INFO: [SIM-utils-54] Inspecting design source files for 'Single_Cycle_TB' in fileset 'sim_1'...
INFO: [SIM-utils-43] Exported 'C:/Users/Hamzaa/Desktop/PROJECT/RISC_V_SINGLE_CYCLE/RISCV_Single_Cycle_Core/RISCV_Single_Cycle_Core.sim/sim_1/behav/xsim/ALL_Instr_Test.hex'
INFO: [USF-XSim-97] Finding global include files...
INFO: [USF-XSim-98] Fetching design files from 'sim_1'...
INFO: [USF-XSim-2] XSim::Compile design
INFO: [USF-XSim-61] Executing 'COMPILE and ANALYZE' step in 'C:/Users/Hamzaa/Desktop/PROJECT/RISC_V_SINGLE_CYCLE/RISCV_Single_Cycle_Core/RISCV_Single_Cycle_Core.sim/sim_1/behav/xsim'
"xvlog --incr --relax -prj Single_Cycle_TB_vlog.prj"
ECHO is off.
ECHO is off.
INFO: [VRFC 10-2263] Analyzing Verilog file "C:/Users/Hamzaa/Desktop/PROJECT/RISC_V_SINGLE_CYCLE/RISCV_Single_Cycle_Core/RISCV_Single_Cycle_Core.srcs/sources_1/new/ALU.v" into library xil_defaultlib
INFO: [VRFC 10-311] analyzing module ALU
INFO: [VRFC 10-2263] Analyzing Verilog file "C:/Users/Hamzaa/Desktop/PROJECT/RISC_V_SINGLE_CYCLE/RISCV_Single_Cycle_Core/RISCV_Single_Cycle_Core.srcs/sources_1/new/Control_Unit.v" into library xil_defaultlib
INFO: [VRFC 10-311] analyzing module Control_Unit
INFO: [VRFC 10-2263] Analyzing Verilog file "C:/Users/Hamzaa/Desktop/PROJECT/RISC_V_SINGLE_CYCLE/RISCV_Single_Cycle_Core/RISCV_Single_Cycle_Core.srcs/sources_1/new/Data_Memory.v" into library xil_defaultlib
INFO: [VRFC 10-311] analyzing module Data_Memory
INFO: [VRFC 10-2263] Analyzing Verilog file "C:/Users/Hamzaa/Desktop/PROJECT/RISC_V_SINGLE_CYCLE/RISCV_Single_Cycle_Core/RISCV_Single_Cycle_Core.srcs/sources_1/new/Imm_Gen.v" into library xil_defaultlib
INFO: [VRFC 10-311] analyzing module Imm_Gen
INFO: [VRFC 10-2263] Analyzing Verilog file "C:/Users/Hamzaa/Desktop/PROJECT/RISC_V_SINGLE_CYCLE/RISCV_Single_Cycle_Core/RISCV_Single_Cycle_Core.srcs/sources_1/new/Instruction_Memory.v" into library xil_defaultlib
INFO: [VRFC 10-311] analyzing module Instruction_Memory
INFO: [VRFC 10-2263] Analyzing Verilog file "C:/Users/Hamzaa/Desktop/PROJECT/RISC_V_SINGLE_CYCLE/RISCV_Single_Cycle_Core/RISCV_Single_Cycle_Core.srcs/sources_1/new/PC_Adder.v" into library xil_defaultlib
INFO: [VRFC 10-311] analyzing module PC_Adder
INFO: [VRFC 10-2263] Analyzing Verilog file "C:/Users/Hamzaa/Desktop/PROJECT/RISC_V_SINGLE_CYCLE/RISCV_Single_Cycle_Core/RISCV_Single_Cycle_Core.srcs/sources_1/new/PC_Module.v" into library xil_defaultlib
INFO: [VRFC 10-311] analyzing module PC_Module
INFO: [VRFC 10-2263] Analyzing Verilog file "C:/Users/Hamzaa/Desktop/PROJECT/RISC_V_SINGLE_CYCLE/RISCV_Single_Cycle_Core/RISCV_Single_Cycle_Core.srcs/sources_1/new/Register_File.v" into library xil_defaultlib
INFO: [VRFC 10-311] analyzing module Register_File
INFO: [VRFC 10-2263] Analyzing Verilog file "C:/Users/Hamzaa/Desktop/PROJECT/RISC_V_SINGLE_CYCLE/RISCV_Single_Cycle_Core/RISCV_Single_Cycle_Core.srcs/sources_1/new/Single_Cycle_Top.v" into library xil_defaultlib
INFO: [VRFC 10-311] analyzing module Single_Cycle_Top
INFO: [VRFC 10-2263] Analyzing Verilog file "C:/Users/Hamzaa/Desktop/PROJECT/RISC_V_SINGLE_CYCLE/RISCV_Single_Cycle_Core/RISCV_Single_Cycle_Core.srcs/sim_1/new/Single_Cycle_TB.v" into library xil_defaultlib
INFO: [VRFC 10-311] analyzing module Single_Cycle_TB
INFO: [USF-XSim-69] 'compile' step finished in '2' seconds
INFO: [USF-XSim-3] XSim::Elaborate design
INFO: [USF-XSim-61] Executing 'ELABORATE' step in 'C:/Users/Hamzaa/Desktop/PROJECT/RISC_V_SINGLE_CYCLE/RISCV_Single_Cycle_Core/RISCV_Single_Cycle_Core.sim/sim_1/behav/xsim'
"xelab --incr --debug typical --relax --mt 2 -L xil_defaultlib -L unisims_ver -L unimacro_ver -L secureip --snapshot Single_Cycle_TB_behav xil_defaultlib.Single_Cycle_TB xil_defaultlib.glbl -log elaborate.log"
ECHO is off.
ECHO is off.
Vivado Simulator v2023.2
Copyright 1986-2022 Xilinx, Inc. All Rights Reserved.
Copyright 2022-2023 Advanced Micro Devices, Inc. All Rights Reserved.
Running: D:/Xilinx/Vivado/2023.2/bin/unwrapped/win64.o/xelab.exe --incr --debug typical --relax --mt 2 -L xil_defaultlib -L unisims_ver -L unimacro_ver -L secureip --snapshot Single_Cycle_TB_behav xil_defaultlib.Single_Cycle_TB xil_defaultlib.glbl -log elaborate.log 
Using 2 slave threads.
Starting static elaboration
Pass Through NonSizing Optimizer
Completed static elaboration
Starting simulation data flow analysis
Completed simulation data flow analysis
Time Resolution for simulation is 1ps
Compiling module xil_defaultlib.PC_Module
Compiling module xil_defaultlib.PC_Adder
Compiling module xil_defaultlib.Instruction_Memory
Compiling module xil_defaultlib.Control_Unit
Compiling module xil_defaultlib.Register_File
Compiling module xil_defaultlib.Imm_Gen
Compiling module xil_defaultlib.ALU
Compiling module xil_defaultlib.Data_Memory
Compiling module xil_defaultlib.Single_Cycle_Top
Compiling module xil_defaultlib.Single_Cycle_TB
Compiling module xil_defaultlib.glbl
Built simulation snapshot Single_Cycle_TB_behav
INFO: [USF-XSim-69] 'elaborate' step finished in '2' seconds
INFO: [USF-XSim-4] XSim::Simulate design
INFO: [USF-XSim-61] Executing 'SIMULATE' step in 'C:/Users/Hamzaa/Desktop/PROJECT/RISC_V_SINGLE_CYCLE/RISCV_Single_Cycle_Core/RISCV_Single_Cycle_Core.sim/sim_1/behav/xsim'
INFO: [USF-XSim-98] *** Running xsim
   with args "Single_Cycle_TB_behav -key {Behavioral:sim_1:Functional:Single_Cycle_TB} -tclbatch {Single_Cycle_TB.tcl} -log {simulate.log}"
INFO: [USF-XSim-8] Loading simulator feature
Time resolution is 1 ps
source Single_Cycle_TB.tcl
# set curr_wave [current_wave_config]
# if { [string length $curr_wave] == 0 } {
#   if { [llength [get_objects]] > 0} {
#     add_wave /
#     set_property needs_save false [current_wave_config]
#   } else {
#      send_msg_id Add_Wave-1 WARNING "No top level signals found. Simulator will start without a wave window. If you want to open a wave window go to 'File->New Waveform Configuration' or type 'create_wave_config' in the TCL console."
#   }
# }
# run 1000ns
$finish called at time : 520 ns : File "C:/Users/Hamzaa/Desktop/PROJECT/RISC_V_SINGLE_CYCLE/RISCV_Single_Cycle_Core/RISCV_Single_Cycle_Core.srcs/sim_1/new/Single_Cycle_TB.v" Line 49
INFO: [USF-XSim-96] XSim completed. Design snapshot 'Single_Cycle_TB_behav' loaded.
INFO: [USF-XSim-97] XSim simulation ran for 1000ns
launch_simulation: Time (s): cpu = 00:00:07 ; elapsed = 00:00:07 . Memory (MB): peak = 1491.016 ; gain = 26.008
current_wave_config {Untitled 1}
Untitled 1
add_wave {{/Single_Cycle_TB/uut/PC}} {{/Single_Cycle_TB/uut/PC_Next}} {{/Single_Cycle_TB/uut/PC_Plus_4}} {{/Single_Cycle_TB/uut/PC_Target}} {{/Single_Cycle_TB/uut/Instr}} {{/Single_Cycle_TB/uut/Read_Data_1}} {{/Single_Cycle_TB/uut/Read_Data_2}} {{/Single_Cycle_TB/uut/Write_Data_Reg}} {{/Single_Cycle_TB/uut/Imm_Out}} {{/Single_Cycle_TB/uut/SrcB}} {{/Single_Cycle_TB/uut/ALU_Result}} {{/Single_Cycle_TB/uut/Read_Data_Mem}} {{/Single_Cycle_TB/uut/Zero}} {{/Single_Cycle_TB/uut/RegWrite}} {{/Single_Cycle_TB/uut/ALUSrc}} {{/Single_Cycle_TB/uut/MemWrite}} {{/Single_Cycle_TB/uut/MemRead}} {{/Single_Cycle_TB/uut/MemToReg}} {{/Single_Cycle_TB/uut/Branch}} {{/Single_Cycle_TB/uut/ALUControl}} {{/Single_Cycle_TB/uut/PCSrc}} 
restart
INFO: [Wavedata 42-604] Simulation restarted
run all
$finish called at time : 520 ns : File "C:/Users/Hamzaa/Desktop/PROJECT/RISC_V_SINGLE_CYCLE/RISCV_Single_Cycle_Core/RISCV_Single_Cycle_Core.srcs/sim_1/new/Single_Cycle_TB.v" Line 49
WARNING: [filemgmt 56-199] Attempt to get parsing info during refresh. "On-the-fly" syntax checking information may be incorrect. [C:\Users\Hamzaa\Desktop\PROJECT\RISC_V_SINGLE_CYCLE\RISCV_Single_Cycle_Core\RISCV_Single_Cycle_Core.srcs\sources_1\new\Instruction_Memory.v:]
WARNING: [filemgmt 56-199] Attempt to get parsing info during refresh. "On-the-fly" syntax checking information may be incorrect. [C:\Users\Hamzaa\Desktop\PROJECT\RISC_V_SINGLE_CYCLE\RISCV_Single_Cycle_Core\RISCV_Single_Cycle_Core.srcs\sim_1\new\Single_Cycle_TB.v:]
ERROR: [Common 17-180] Spawn failed: No error
WARNING: [filemgmt 56-199] Attempt to get parsing info during refresh. "On-the-fly" syntax checking information may be incorrect. [C:\Users\Hamzaa\Desktop\PROJECT\RISC_V_SINGLE_CYCLE\RISCV_Single_Cycle_Core\RISCV_Single_Cycle_Core.srcs\sources_1\new\Instruction_Memory.v:]
WARNING: [filemgmt 56-199] Attempt to get parsing info during refresh. "On-the-fly" syntax checking information may be incorrect. [C:\Users\Hamzaa\Desktop\PROJECT\RISC_V_SINGLE_CYCLE\RISCV_Single_Cycle_Core\RISCV_Single_Cycle_Core.srcs\sim_1\new\Single_Cycle_TB.v:]
ERROR: [Common 17-180] Spawn failed: No error
close_sim
INFO: [Simtcl 6-16] Simulation closed
launch_simulation
Command: launch_simulation 
INFO: [Vivado 12-12493] Simulation top is 'Single_Cycle_TB'
WARNING: [Vivado 12-13340] Unable to auto find GCC executables from simulator install path! (path not set)
INFO: [Vivado 12-5682] Launching behavioral simulation in 'C:/Users/Hamzaa/Desktop/PROJECT/RISC_V_SINGLE_CYCLE/RISCV_Single_Cycle_Core/RISCV_Single_Cycle_Core.sim/sim_1/behav/xsim'
INFO: [SIM-utils-51] Simulation object is 'sim_1'
INFO: [SIM-utils-72] Using boost library from 'D:/Xilinx/Vivado/2023.2/tps/boost_1_72_0'
INFO: [SIM-utils-54] Inspecting design source files for 'Single_Cycle_TB' in fileset 'sim_1'...
INFO: [SIM-utils-43] Exported 'C:/Users/Hamzaa/Desktop/PROJECT/RISC_V_SINGLE_CYCLE/RISCV_Single_Cycle_Core/RISCV_Single_Cycle_Core.sim/sim_1/behav/xsim/ALL_Instr_Test.hex'
INFO: [USF-XSim-97] Finding global include files...
INFO: [USF-XSim-98] Fetching design files from 'sim_1'...
INFO: [USF-XSim-2] XSim::Compile design
INFO: [USF-XSim-61] Executing 'COMPILE and ANALYZE' step in 'C:/Users/Hamzaa/Desktop/PROJECT/RISC_V_SINGLE_CYCLE/RISCV_Single_Cycle_Core/RISCV_Single_Cycle_Core.sim/sim_1/behav/xsim'
"xvlog --incr --relax -prj Single_Cycle_TB_vlog.prj"
ECHO is off.
ECHO is off.
INFO: [VRFC 10-2263] Analyzing Verilog file "C:/Users/Hamzaa/Desktop/PROJECT/RISC_V_SINGLE_CYCLE/RISCV_Single_Cycle_Core/RISCV_Single_Cycle_Core.srcs/sources_1/new/ALU.v" into library xil_defaultlib
INFO: [VRFC 10-311] analyzing module ALU
INFO: [VRFC 10-2263] Analyzing Verilog file "C:/Users/Hamzaa/Desktop/PROJECT/RISC_V_SINGLE_CYCLE/RISCV_Single_Cycle_Core/RISCV_Single_Cycle_Core.srcs/sources_1/new/Control_Unit.v" into library xil_defaultlib
INFO: [VRFC 10-311] analyzing module Control_Unit
INFO: [VRFC 10-2263] Analyzing Verilog file "C:/Users/Hamzaa/Desktop/PROJECT/RISC_V_SINGLE_CYCLE/RISCV_Single_Cycle_Core/RISCV_Single_Cycle_Core.srcs/sources_1/new/Data_Memory.v" into library xil_defaultlib
INFO: [VRFC 10-311] analyzing module Data_Memory
INFO: [VRFC 10-2263] Analyzing Verilog file "C:/Users/Hamzaa/Desktop/PROJECT/RISC_V_SINGLE_CYCLE/RISCV_Single_Cycle_Core/RISCV_Single_Cycle_Core.srcs/sources_1/new/Imm_Gen.v" into library xil_defaultlib
INFO: [VRFC 10-311] analyzing module Imm_Gen
INFO: [VRFC 10-2263] Analyzing Verilog file "C:/Users/Hamzaa/Desktop/PROJECT/RISC_V_SINGLE_CYCLE/RISCV_Single_Cycle_Core/RISCV_Single_Cycle_Core.srcs/sources_1/new/Instruction_Memory.v" into library xil_defaultlib
INFO: [VRFC 10-311] analyzing module Instruction_Memory
INFO: [VRFC 10-2263] Analyzing Verilog file "C:/Users/Hamzaa/Desktop/PROJECT/RISC_V_SINGLE_CYCLE/RISCV_Single_Cycle_Core/RISCV_Single_Cycle_Core.srcs/sources_1/new/PC_Adder.v" into library xil_defaultlib
INFO: [VRFC 10-311] analyzing module PC_Adder
INFO: [VRFC 10-2263] Analyzing Verilog file "C:/Users/Hamzaa/Desktop/PROJECT/RISC_V_SINGLE_CYCLE/RISCV_Single_Cycle_Core/RISCV_Single_Cycle_Core.srcs/sources_1/new/PC_Module.v" into library xil_defaultlib
INFO: [VRFC 10-311] analyzing module PC_Module
INFO: [VRFC 10-2263] Analyzing Verilog file "C:/Users/Hamzaa/Desktop/PROJECT/RISC_V_SINGLE_CYCLE/RISCV_Single_Cycle_Core/RISCV_Single_Cycle_Core.srcs/sources_1/new/Register_File.v" into library xil_defaultlib
INFO: [VRFC 10-311] analyzing module Register_File
INFO: [VRFC 10-2263] Analyzing Verilog file "C:/Users/Hamzaa/Desktop/PROJECT/RISC_V_SINGLE_CYCLE/RISCV_Single_Cycle_Core/RISCV_Single_Cycle_Core.srcs/sources_1/new/Single_Cycle_Top.v" into library xil_defaultlib
INFO: [VRFC 10-311] analyzing module Single_Cycle_Top
INFO: [VRFC 10-2263] Analyzing Verilog file "C:/Users/Hamzaa/Desktop/PROJECT/RISC_V_SINGLE_CYCLE/RISCV_Single_Cycle_Core/RISCV_Single_Cycle_Core.srcs/sim_1/new/Single_Cycle_TB.v" into library xil_defaultlib
INFO: [VRFC 10-311] analyzing module Single_Cycle_TB
INFO: [USF-XSim-69] 'compile' step finished in '2' seconds
INFO: [USF-XSim-3] XSim::Elaborate design
INFO: [USF-XSim-61] Executing 'ELABORATE' step in 'C:/Users/Hamzaa/Desktop/PROJECT/RISC_V_SINGLE_CYCLE/RISCV_Single_Cycle_Core/RISCV_Single_Cycle_Core.sim/sim_1/behav/xsim'
"xelab --incr --debug typical --relax --mt 2 -L xil_defaultlib -L unisims_ver -L unimacro_ver -L secureip --snapshot Single_Cycle_TB_behav xil_defaultlib.Single_Cycle_TB xil_defaultlib.glbl -log elaborate.log"
ECHO is off.
ECHO is off.
Vivado Simulator v2023.2
Copyright 1986-2022 Xilinx, Inc. All Rights Reserved.
Copyright 2022-2023 Advanced Micro Devices, Inc. All Rights Reserved.
Running: D:/Xilinx/Vivado/2023.2/bin/unwrapped/win64.o/xelab.exe --incr --debug typical --relax --mt 2 -L xil_defaultlib -L unisims_ver -L unimacro_ver -L secureip --snapshot Single_Cycle_TB_behav xil_defaultlib.Single_Cycle_TB xil_defaultlib.glbl -log elaborate.log 
Using 2 slave threads.
Starting static elaboration
Pass Through NonSizing Optimizer
Completed static elaboration
Starting simulation data flow analysis
Completed simulation data flow analysis
Time Resolution for simulation is 1ps
Compiling module xil_defaultlib.PC_Module
Compiling module xil_defaultlib.PC_Adder
Compiling module xil_defaultlib.Instruction_Memory
Compiling module xil_defaultlib.Control_Unit
Compiling module xil_defaultlib.Register_File
Compiling module xil_defaultlib.Imm_Gen
Compiling module xil_defaultlib.ALU
Compiling module xil_defaultlib.Data_Memory
Compiling module xil_defaultlib.Single_Cycle_Top
Compiling module xil_defaultlib.Single_Cycle_TB
Compiling module xil_defaultlib.glbl
Built simulation snapshot Single_Cycle_TB_behav
INFO: [USF-XSim-69] 'elaborate' step finished in '1' seconds
INFO: [USF-XSim-4] XSim::Simulate design
INFO: [USF-XSim-61] Executing 'SIMULATE' step in 'C:/Users/Hamzaa/Desktop/PROJECT/RISC_V_SINGLE_CYCLE/RISCV_Single_Cycle_Core/RISCV_Single_Cycle_Core.sim/sim_1/behav/xsim'
INFO: [USF-XSim-98] *** Running xsim
   with args "Single_Cycle_TB_behav -key {Behavioral:sim_1:Functional:Single_Cycle_TB} -tclbatch {Single_Cycle_TB.tcl} -log {simulate.log}"
INFO: [USF-XSim-8] Loading simulator feature
Time resolution is 1 ps
source Single_Cycle_TB.tcl
# set curr_wave [current_wave_config]
# if { [string length $curr_wave] == 0 } {
#   if { [llength [get_objects]] > 0} {
#     add_wave /
#     set_property needs_save false [current_wave_config]
#   } else {
#      send_msg_id Add_Wave-1 WARNING "No top level signals found. Simulator will start without a wave window. If you want to open a wave window go to 'File->New Waveform Configuration' or type 'create_wave_config' in the TCL console."
#   }
# }
# run 1000ns
$finish called at time : 320 ns : File "C:/Users/Hamzaa/Desktop/PROJECT/RISC_V_SINGLE_CYCLE/RISCV_Single_Cycle_Core/RISCV_Single_Cycle_Core.srcs/sim_1/new/Single_Cycle_TB.v" Line 49
INFO: [USF-XSim-96] XSim completed. Design snapshot 'Single_Cycle_TB_behav' loaded.
INFO: [USF-XSim-97] XSim simulation ran for 1000ns
launch_simulation: Time (s): cpu = 00:00:03 ; elapsed = 00:00:05 . Memory (MB): peak = 1510.027 ; gain = 3.691
current_wave_config {Untitled 2}
Untitled 2
add_wave {{/Single_Cycle_TB/uut/PC}} {{/Single_Cycle_TB/uut/PC_Next}} {{/Single_Cycle_TB/uut/PC_Plus_4}} {{/Single_Cycle_TB/uut/PC_Target}} {{/Single_Cycle_TB/uut/Instr}} {{/Single_Cycle_TB/uut/Read_Data_1}} {{/Single_Cycle_TB/uut/Read_Data_2}} {{/Single_Cycle_TB/uut/Write_Data_Reg}} {{/Single_Cycle_TB/uut/Imm_Out}} {{/Single_Cycle_TB/uut/SrcB}} {{/Single_Cycle_TB/uut/ALU_Result}} {{/Single_Cycle_TB/uut/Read_Data_Mem}} {{/Single_Cycle_TB/uut/Zero}} {{/Single_Cycle_TB/uut/RegWrite}} {{/Single_Cycle_TB/uut/ALUSrc}} {{/Single_Cycle_TB/uut/MemWrite}} {{/Single_Cycle_TB/uut/MemRead}} {{/Single_Cycle_TB/uut/MemToReg}} {{/Single_Cycle_TB/uut/Branch}} {{/Single_Cycle_TB/uut/ALUControl}} {{/Single_Cycle_TB/uut/PCSrc}} 
current_wave_config {Untitled 2}
Untitled 2
add_wave {{/Single_Cycle_TB/uut/clk}} {{/Single_Cycle_TB/uut/reset}} {{/Single_Cycle_TB/uut/PC}} {{/Single_Cycle_TB/uut/PC_Next}} {{/Single_Cycle_TB/uut/PC_Plus_4}} {{/Single_Cycle_TB/uut/PC_Target}} {{/Single_Cycle_TB/uut/Instr}} {{/Single_Cycle_TB/uut/Read_Data_1}} {{/Single_Cycle_TB/uut/Read_Data_2}} {{/Single_Cycle_TB/uut/Write_Data_Reg}} {{/Single_Cycle_TB/uut/Imm_Out}} {{/Single_Cycle_TB/uut/SrcB}} {{/Single_Cycle_TB/uut/ALU_Result}} {{/Single_Cycle_TB/uut/Read_Data_Mem}} {{/Single_Cycle_TB/uut/Zero}} {{/Single_Cycle_TB/uut/RegWrite}} {{/Single_Cycle_TB/uut/ALUSrc}} {{/Single_Cycle_TB/uut/MemWrite}} {{/Single_Cycle_TB/uut/MemRead}} {{/Single_Cycle_TB/uut/MemToReg}} {{/Single_Cycle_TB/uut/Branch}} {{/Single_Cycle_TB/uut/ALUControl}} {{/Single_Cycle_TB/uut/PCSrc}} 
restart
INFO: [Wavedata 42-604] Simulation restarted
run all
$finish called at time : 320 ns : File "C:/Users/Hamzaa/Desktop/PROJECT/RISC_V_SINGLE_CYCLE/RISCV_Single_Cycle_Core/RISCV_Single_Cycle_Core.srcs/sim_1/new/Single_Cycle_TB.v" Line 49
close_sim
INFO: [Simtcl 6-16] Simulation closed
launch_simulation
Command: launch_simulation 
INFO: [Vivado 12-12493] Simulation top is 'Single_Cycle_TB'
WARNING: [Vivado 12-13340] Unable to auto find GCC executables from simulator install path! (path not set)
INFO: [Vivado 12-5682] Launching behavioral simulation in 'C:/Users/Hamzaa/Desktop/PROJECT/RISC_V_SINGLE_CYCLE/RISCV_Single_Cycle_Core/RISCV_Single_Cycle_Core.sim/sim_1/behav/xsim'
INFO: [SIM-utils-51] Simulation object is 'sim_1'
INFO: [SIM-utils-72] Using boost library from 'D:/Xilinx/Vivado/2023.2/tps/boost_1_72_0'
INFO: [SIM-utils-54] Inspecting design source files for 'Single_Cycle_TB' in fileset 'sim_1'...
INFO: [SIM-utils-43] Exported 'C:/Users/Hamzaa/Desktop/PROJECT/RISC_V_SINGLE_CYCLE/RISCV_Single_Cycle_Core/RISCV_Single_Cycle_Core.sim/sim_1/behav/xsim/ALL_Instr_Test.hex'
INFO: [USF-XSim-97] Finding global include files...
INFO: [USF-XSim-98] Fetching design files from 'sim_1'...
INFO: [USF-XSim-2] XSim::Compile design
INFO: [USF-XSim-61] Executing 'COMPILE and ANALYZE' step in 'C:/Users/Hamzaa/Desktop/PROJECT/RISC_V_SINGLE_CYCLE/RISCV_Single_Cycle_Core/RISCV_Single_Cycle_Core.sim/sim_1/behav/xsim'
"xvlog --incr --relax -prj Single_Cycle_TB_vlog.prj"
ECHO is off.
ECHO is off.
INFO: [VRFC 10-2263] Analyzing Verilog file "C:/Users/Hamzaa/Desktop/PROJECT/RISC_V_SINGLE_CYCLE/RISCV_Single_Cycle_Core/RISCV_Single_Cycle_Core.srcs/sources_1/new/ALU.v" into library xil_defaultlib
INFO: [VRFC 10-311] analyzing module ALU
INFO: [VRFC 10-2263] Analyzing Verilog file "C:/Users/Hamzaa/Desktop/PROJECT/RISC_V_SINGLE_CYCLE/RISCV_Single_Cycle_Core/RISCV_Single_Cycle_Core.srcs/sources_1/new/Control_Unit.v" into library xil_defaultlib
INFO: [VRFC 10-311] analyzing module Control_Unit
INFO: [VRFC 10-2263] Analyzing Verilog file "C:/Users/Hamzaa/Desktop/PROJECT/RISC_V_SINGLE_CYCLE/RISCV_Single_Cycle_Core/RISCV_Single_Cycle_Core.srcs/sources_1/new/Data_Memory.v" into library xil_defaultlib
INFO: [VRFC 10-311] analyzing module Data_Memory
INFO: [VRFC 10-2263] Analyzing Verilog file "C:/Users/Hamzaa/Desktop/PROJECT/RISC_V_SINGLE_CYCLE/RISCV_Single_Cycle_Core/RISCV_Single_Cycle_Core.srcs/sources_1/new/Imm_Gen.v" into library xil_defaultlib
INFO: [VRFC 10-311] analyzing module Imm_Gen
INFO: [VRFC 10-2263] Analyzing Verilog file "C:/Users/Hamzaa/Desktop/PROJECT/RISC_V_SINGLE_CYCLE/RISCV_Single_Cycle_Core/RISCV_Single_Cycle_Core.srcs/sources_1/new/Instruction_Memory.v" into library xil_defaultlib
INFO: [VRFC 10-311] analyzing module Instruction_Memory
INFO: [VRFC 10-2263] Analyzing Verilog file "C:/Users/Hamzaa/Desktop/PROJECT/RISC_V_SINGLE_CYCLE/RISCV_Single_Cycle_Core/RISCV_Single_Cycle_Core.srcs/sources_1/new/PC_Adder.v" into library xil_defaultlib
INFO: [VRFC 10-311] analyzing module PC_Adder
INFO: [VRFC 10-2263] Analyzing Verilog file "C:/Users/Hamzaa/Desktop/PROJECT/RISC_V_SINGLE_CYCLE/RISCV_Single_Cycle_Core/RISCV_Single_Cycle_Core.srcs/sources_1/new/PC_Module.v" into library xil_defaultlib
INFO: [VRFC 10-311] analyzing module PC_Module
INFO: [VRFC 10-2263] Analyzing Verilog file "C:/Users/Hamzaa/Desktop/PROJECT/RISC_V_SINGLE_CYCLE/RISCV_Single_Cycle_Core/RISCV_Single_Cycle_Core.srcs/sources_1/new/Register_File.v" into library xil_defaultlib
INFO: [VRFC 10-311] analyzing module Register_File
INFO: [VRFC 10-2263] Analyzing Verilog file "C:/Users/Hamzaa/Desktop/PROJECT/RISC_V_SINGLE_CYCLE/RISCV_Single_Cycle_Core/RISCV_Single_Cycle_Core.srcs/sources_1/new/Single_Cycle_Top.v" into library xil_defaultlib
INFO: [VRFC 10-311] analyzing module Single_Cycle_Top
INFO: [VRFC 10-2263] Analyzing Verilog file "C:/Users/Hamzaa/Desktop/PROJECT/RISC_V_SINGLE_CYCLE/RISCV_Single_Cycle_Core/RISCV_Single_Cycle_Core.srcs/sim_1/new/Single_Cycle_TB.v" into library xil_defaultlib
INFO: [VRFC 10-311] analyzing module Single_Cycle_TB
INFO: [USF-XSim-69] 'compile' step finished in '1' seconds
INFO: [USF-XSim-3] XSim::Elaborate design
INFO: [USF-XSim-61] Executing 'ELABORATE' step in 'C:/Users/Hamzaa/Desktop/PROJECT/RISC_V_SINGLE_CYCLE/RISCV_Single_Cycle_Core/RISCV_Single_Cycle_Core.sim/sim_1/behav/xsim'
"xelab --incr --debug typical --relax --mt 2 -L xil_defaultlib -L unisims_ver -L unimacro_ver -L secureip --snapshot Single_Cycle_TB_behav xil_defaultlib.Single_Cycle_TB xil_defaultlib.glbl -log elaborate.log"
ECHO is off.
ECHO is off.
Vivado Simulator v2023.2
Copyright 1986-2022 Xilinx, Inc. All Rights Reserved.
Copyright 2022-2023 Advanced Micro Devices, Inc. All Rights Reserved.
Running: D:/Xilinx/Vivado/2023.2/bin/unwrapped/win64.o/xelab.exe --incr --debug typical --relax --mt 2 -L xil_defaultlib -L unisims_ver -L unimacro_ver -L secureip --snapshot Single_Cycle_TB_behav xil_defaultlib.Single_Cycle_TB xil_defaultlib.glbl -log elaborate.log 
Using 2 slave threads.
Starting static elaboration
Pass Through NonSizing Optimizer
Completed static elaboration
Starting simulation data flow analysis
Completed simulation data flow analysis
Time Resolution for simulation is 1ps
Compiling module xil_defaultlib.PC_Module
Compiling module xil_defaultlib.PC_Adder
Compiling module xil_defaultlib.Instruction_Memory
Compiling module xil_defaultlib.Control_Unit
Compiling module xil_defaultlib.Register_File
Compiling module xil_defaultlib.Imm_Gen
Compiling module xil_defaultlib.ALU
Compiling module xil_defaultlib.Data_Memory
Compiling module xil_defaultlib.Single_Cycle_Top
Compiling module xil_defaultlib.Single_Cycle_TB
Compiling module xil_defaultlib.glbl
Built simulation snapshot Single_Cycle_TB_behav
INFO: [USF-XSim-69] 'elaborate' step finished in '2' seconds
INFO: [USF-XSim-4] XSim::Simulate design
INFO: [USF-XSim-61] Executing 'SIMULATE' step in 'C:/Users/Hamzaa/Desktop/PROJECT/RISC_V_SINGLE_CYCLE/RISCV_Single_Cycle_Core/RISCV_Single_Cycle_Core.sim/sim_1/behav/xsim'
INFO: [USF-XSim-98] *** Running xsim
   with args "Single_Cycle_TB_behav -key {Behavioral:sim_1:Functional:Single_Cycle_TB} -tclbatch {Single_Cycle_TB.tcl} -log {simulate.log}"
INFO: [USF-XSim-8] Loading simulator feature
Time resolution is 1 ps
source Single_Cycle_TB.tcl
# set curr_wave [current_wave_config]
# if { [string length $curr_wave] == 0 } {
#   if { [llength [get_objects]] > 0} {
#     add_wave /
#     set_property needs_save false [current_wave_config]
#   } else {
#      send_msg_id Add_Wave-1 WARNING "No top level signals found. Simulator will start without a wave window. If you want to open a wave window go to 'File->New Waveform Configuration' or type 'create_wave_config' in the TCL console."
#   }
# }
# run 1000ns
$finish called at time : 320 ns : File "C:/Users/Hamzaa/Desktop/PROJECT/RISC_V_SINGLE_CYCLE/RISCV_Single_Cycle_Core/RISCV_Single_Cycle_Core.srcs/sim_1/new/Single_Cycle_TB.v" Line 49
INFO: [USF-XSim-96] XSim completed. Design snapshot 'Single_Cycle_TB_behav' loaded.
INFO: [USF-XSim-97] XSim simulation ran for 1000ns
current_wave_config {Untitled 3}
Untitled 3
add_wave {{/Single_Cycle_TB/uut/PC}} {{/Single_Cycle_TB/uut/PC_Next}} {{/Single_Cycle_TB/uut/PC_Plus_4}} {{/Single_Cycle_TB/uut/PC_Target}} {{/Single_Cycle_TB/uut/Instr}} {{/Single_Cycle_TB/uut/Read_Data_1}} {{/Single_Cycle_TB/uut/Read_Data_2}} {{/Single_Cycle_TB/uut/Write_Data_Reg}} {{/Single_Cycle_TB/uut/Imm_Out}} {{/Single_Cycle_TB/uut/SrcB}} {{/Single_Cycle_TB/uut/ALU_Result}} {{/Single_Cycle_TB/uut/Read_Data_Mem}} {{/Single_Cycle_TB/uut/Zero}} {{/Single_Cycle_TB/uut/RegWrite}} {{/Single_Cycle_TB/uut/ALUSrc}} {{/Single_Cycle_TB/uut/MemWrite}} {{/Single_Cycle_TB/uut/MemRead}} {{/Single_Cycle_TB/uut/MemToReg}} {{/Single_Cycle_TB/uut/Branch}} {{/Single_Cycle_TB/uut/ALUControl}} {{/Single_Cycle_TB/uut/PCSrc}} 
restart
INFO: [Wavedata 42-604] Simulation restarted
run all
$finish called at time : 320 ns : File "C:/Users/Hamzaa/Desktop/PROJECT/RISC_V_SINGLE_CYCLE/RISCV_Single_Cycle_Core/RISCV_Single_Cycle_Core.srcs/sim_1/new/Single_Cycle_TB.v" Line 49
