INFO: [VRFC 10-2263] Analyzing Verilog file "C:/Users/Hamzaa/Desktop/PROJECT/RISC_V_SINGLE_CYCLE/RISCV_Single_Cycle_Core/RISCV_Single_Cycle_Core.srcs/sources_1/new/ALU.v" into library xil_defaultlib
INFO: [VRFC 10-311] analyzing module ALU
INFO: [VRFC 10-2263] Analyzing Verilog file "C:/Users/Hamzaa/Desktop/PROJECT/RISC_V_SINGLE_CYCLE/RISCV_Single_Cycle_Core/RISCV_Single_Cycle_Core.srcs/sources_1/new/Control_Unit.v" into library xil_defaultlib
INFO: [VRFC 10-311] analyzing module Control_Unit
INFO: [VRFC 10-2263] Analyzing Verilog file "C:/Users/Hamzaa/Desktop/PROJECT/RISC_V_SINGLE_CYCLE/RISCV_Single_Cycle_Core/RISCV_Single_Cycle_Core.srcs/sources_1/new/Data_Memory.v" into library xil_defaultlib
INFO: [VRFC 10-311] analyzing module Data_Memory
INFO: [VRFC 10-2263] Analyzing Verilog file "C:/Users/Hamzaa/Desktop/PROJECT/RISC_V_SINGLE_CYCLE/RISCV_Single_Cycle_Core/RISCV_Single_Cycle_Core.srcs/sources_1/new/Imm_Gen.v" into library xil_defaultlib
INFO: [VRFC 10-311] analyzing module Imm_Gen
INFO: [VRFC 10-2263] Analyzing Verilog file "C:/Users/Hamzaa/Desktop/PROJECT/RISC_V_SINGLE_CYCLE/RISCV_Single_Cycle_Core/RISCV_Single_Cycle_Core.srcs/sources_1/new/Instruction_Memory.v" into library xil_defaultlib
INFO: [VRFC 10-311] analyzing module Instruction_Memory
INFO: [VRFC 10-2263] Analyzing Verilog file "C:/Users/Hamzaa/Desktop/PROJECT/RISC_V_SINGLE_CYCLE/RISCV_Single_Cycle_Core/RISCV_Single_Cycle_Core.srcs/sources_1/new/PC_Adder.v" into library xil_defaultlib
INFO: [VRFC 10-311] analyzing module PC_Adder
INFO: [VRFC 10-2263] Analyzing Verilog file "C:/Users/Hamzaa/Desktop/PROJECT/RISC_V_SINGLE_CYCLE/RISCV_Single_Cycle_Core/RISCV_Single_Cycle_Core.srcs/sources_1/new/PC_Module.v" into library xil_defaultlib
INFO: [VRFC 10-311] analyzing module PC_Module
INFO: [VRFC 10-2263] Analyzing Verilog file "C:/Users/Hamzaa/Desktop/PROJECT/RISC_V_SINGLE_CYCLE/RISCV_Single_Cycle_Core/RISCV_Single_Cycle_Core.srcs/sources_1/new/Register_File.v" into library xil_defaultlib
INFO: [VRFC 10-311] analyzing module Register_File
INFO: [VRFC 10-2263] Analyzing Verilog file "C:/Users/Hamzaa/Desktop/PROJECT/RISC_V_SINGLE_CYCLE/RISCV_Single_Cycle_Core/RISCV_Single_Cycle_Core.srcs/sources_1/new/Single_Cycle_Top.v" into library xil_defaultlib
INFO: [VRFC 10-311] analyzing module Single_Cycle_Top
INFO: [VRFC 10-2263] Analyzing Verilog file "C:/Users/Hamzaa/Desktop/PROJECT/RISC_V_SINGLE_CYCLE/RISCV_Single_Cycle_Core/RISCV_Single_Cycle_Core.srcs/sim_1/new/Single_Cycle_TB.v" into library xil_defaultlib
INFO: [VRFC 10-311] analyzing module Single_Cycle_TB
